{"synthetic": false,
 "schemaVersion": "2025-09-10",
 "outputs":
 {"o": ["cf43525e9a9d6bea.olean"],
  "i": "46302a838e040de8.ilean",
  "c": "fe404dd088b279e8.c"},
 "log":
 [{"message":
   ".> LEAN_PATH=C:\\Users\\isaac\\VSC_Projects\\tpwlean_UATheorem\\tpwlean\\.lake\\packages\\Cli\\.lake\\build\\lib\\lean;C:\\Users\\isaac\\VSC_Projects\\tpwlean_UATheorem\\tpwlean\\.lake\\packages\\batteries\\.lake\\build\\lib\\lean;C:\\Users\\isaac\\VSC_Projects\\tpwlean_UATheorem\\tpwlean\\.lake\\packages\\Qq\\.lake\\build\\lib\\lean;C:\\Users\\isaac\\VSC_Projects\\tpwlean_UATheorem\\tpwlean\\.lake\\packages\\aesop\\.lake\\build\\lib\\lean;C:\\Users\\isaac\\VSC_Projects\\tpwlean_UATheorem\\tpwlean\\.lake\\packages\\proofwidgets\\.lake\\build\\lib\\lean;C:\\Users\\isaac\\VSC_Projects\\tpwlean_UATheorem\\tpwlean\\.lake\\packages\\importGraph\\.lake\\build\\lib\\lean;C:\\Users\\isaac\\VSC_Projects\\tpwlean_UATheorem\\tpwlean\\.lake\\packages\\LeanSearchClient\\.lake\\build\\lib\\lean;C:\\Users\\isaac\\VSC_Projects\\tpwlean_UATheorem\\tpwlean\\.lake\\packages\\plausible\\.lake\\build\\lib\\lean;C:\\Users\\isaac\\VSC_Projects\\tpwlean_UATheorem\\tpwlean\\.lake\\packages\\mathlib\\.lake\\build\\lib\\lean;C:\\Users\\isaac\\VSC_Projects\\tpwlean_UATheorem\\tpwlean\\.lake\\build\\lib\\lean c:\\Users\\isaac\\.elan\\toolchains\\leanprover--lean4---v4.25.0-rc2\\bin\\lean.exe C:\\Users\\isaac\\VSC_Projects\\tpwlean_UATheorem\\tpwlean\\SWT.lean -o C:\\Users\\isaac\\VSC_Projects\\tpwlean_UATheorem\\tpwlean\\.lake\\build\\lib\\lean\\SWT.olean -i C:\\Users\\isaac\\VSC_Projects\\tpwlean_UATheorem\\tpwlean\\.lake\\build\\lib\\lean\\SWT.ilean -c C:\\Users\\isaac\\VSC_Projects\\tpwlean_UATheorem\\tpwlean\\.lake\\build\\ir\\SWT.c --setup C:\\Users\\isaac\\VSC_Projects\\tpwlean_UATheorem\\tpwlean\\.lake\\build\\ir\\SWT.setup.json --json",
   "level": "trace"}],
 "inputs":
 [["SWT:deps",
   [["deps",
     [["tpwlean/Tpwlean:extraDep", [["@tpwlean:extraDep", "00000000000006bb"]]],
      ["imports",
       [["Mathlib.Tactic transitive imports (legacy)", "43676014f77a672e"],
        ["Mathlib.Tactic:importAllArts", "631363dcd52e9e6b"],
        ["Mathlib.Topology.ContinuousMap.Lattice transitive imports (legacy)",
         "425c62fa923fa5f2"],
        ["Mathlib.Topology.ContinuousMap.Lattice:importAllArts",
         "508e9b001faea979"],
        ["Mathlib.Topology.ContinuousMap.Weierstrass transitive imports (legacy)",
         "5fbdc37a715b0754"],
        ["Mathlib.Topology.ContinuousMap.Weierstrass:importAllArts",
         "a7d183f9c6eed7a4"]]]]],
    ["libs",
     [["import dynlibs", "00000000000006bb"],
      ["package external libraries", "00000000000006bb"],
      ["module dynlibs", "00000000000006bb"],
      ["module plugins", "00000000000006bb"]]]]],
  ["Lean 4.25.0, commit 744f98064b056ee27fc8c97f524797c8cc96f436",
   "4bbac11c6209e48b"],
  ["C:\\Users\\isaac\\VSC_Projects\\tpwlean_UATheorem\\tpwlean\\SWT.lean",
   "81faa5d4e1afb212"],
  ["options", "00000000000006bb"],
  ["Module.leanArgs: #[]", "00000000000006bb"]],
 "depHash": "911ae51923f7c440"}