{"synthetic": false,
 "schemaVersion": "2025-09-10",
 "outputs":
 {"o": ["e3dd04edc0c09c69.olean"],
  "i": "1899bd3ffb9949a3.ilean",
  "c": "816fdd931619031d.c"},
 "log":
 [{"message":
   ".> LEAN_PATH=C:\\Users\\isaac\\VSC_Projects\\tpwlean_UATheorem\\tpwlean\\.lake\\packages\\Cli\\.lake\\build\\lib\\lean;C:\\Users\\isaac\\VSC_Projects\\tpwlean_UATheorem\\tpwlean\\.lake\\packages\\batteries\\.lake\\build\\lib\\lean;C:\\Users\\isaac\\VSC_Projects\\tpwlean_UATheorem\\tpwlean\\.lake\\packages\\Qq\\.lake\\build\\lib\\lean;C:\\Users\\isaac\\VSC_Projects\\tpwlean_UATheorem\\tpwlean\\.lake\\packages\\aesop\\.lake\\build\\lib\\lean;C:\\Users\\isaac\\VSC_Projects\\tpwlean_UATheorem\\tpwlean\\.lake\\packages\\proofwidgets\\.lake\\build\\lib\\lean;C:\\Users\\isaac\\VSC_Projects\\tpwlean_UATheorem\\tpwlean\\.lake\\packages\\importGraph\\.lake\\build\\lib\\lean;C:\\Users\\isaac\\VSC_Projects\\tpwlean_UATheorem\\tpwlean\\.lake\\packages\\LeanSearchClient\\.lake\\build\\lib\\lean;C:\\Users\\isaac\\VSC_Projects\\tpwlean_UATheorem\\tpwlean\\.lake\\packages\\plausible\\.lake\\build\\lib\\lean;C:\\Users\\isaac\\VSC_Projects\\tpwlean_UATheorem\\tpwlean\\.lake\\packages\\mathlib\\.lake\\build\\lib\\lean;C:\\Users\\isaac\\VSC_Projects\\tpwlean_UATheorem\\tpwlean\\.lake\\build\\lib\\lean c:\\Users\\isaac\\.elan\\toolchains\\leanprover--lean4---v4.25.0-rc2\\bin\\lean.exe C:\\Users\\isaac\\VSC_Projects\\tpwlean_UATheorem\\tpwlean\\Tpwlean.lean -o C:\\Users\\isaac\\VSC_Projects\\tpwlean_UATheorem\\tpwlean\\.lake\\build\\lib\\lean\\Tpwlean.olean -i C:\\Users\\isaac\\VSC_Projects\\tpwlean_UATheorem\\tpwlean\\.lake\\build\\lib\\lean\\Tpwlean.ilean -c C:\\Users\\isaac\\VSC_Projects\\tpwlean_UATheorem\\tpwlean\\.lake\\build\\ir\\Tpwlean.c --setup C:\\Users\\isaac\\VSC_Projects\\tpwlean_UATheorem\\tpwlean\\.lake\\build\\ir\\Tpwlean.setup.json --json",
   "level": "trace"}],
 "inputs":
 [["Tpwlean:deps",
   [["deps",
     [["tpwlean/Tpwlean:extraDep", [["@tpwlean:extraDep", "00000000000006bb"]]],
      ["imports",
       [["SWT transitive imports (legacy)", "660b41bbc018f89c"],
        ["SWT:importAllArts", "bb1d80d105ac2565"],
        ["UATemp transitive imports (legacy)", "f2e132300755b36f"],
        ["UATemp:importAllArts", "4a954706e77201a9"]]]]],
    ["libs",
     [["import dynlibs", "00000000000006bb"],
      ["package external libraries", "00000000000006bb"],
      ["module dynlibs", "00000000000006bb"],
      ["module plugins", "00000000000006bb"]]]]],
  ["Lean 4.25.0, commit 744f98064b056ee27fc8c97f524797c8cc96f436",
   "4bbac11c6209e48b"],
  ["C:\\Users\\isaac\\VSC_Projects\\tpwlean_UATheorem\\tpwlean\\Tpwlean.lean",
   "117ba0364e7fb7d8"],
  ["options", "00000000000006bb"],
  ["Module.leanArgs: #[]", "00000000000006bb"]],
 "depHash": "250b58195fc2034f"}