{"synthetic": false,
 "schemaVersion": "2025-09-10",
 "outputs":
 {"o": ["66f679f7dd822011.olean"],
  "i": "1bff2c42b2cb3d4d.ilean",
  "c": "0624239075dd045c.c"},
 "log":
 [{"message":
   ".> LEAN_PATH=C:\\Users\\isaac\\VSC_Projects\\tpwlean_UATheorem\\tpwlean\\.lake\\packages\\Cli\\.lake\\build\\lib\\lean;C:\\Users\\isaac\\VSC_Projects\\tpwlean_UATheorem\\tpwlean\\.lake\\packages\\batteries\\.lake\\build\\lib\\lean;C:\\Users\\isaac\\VSC_Projects\\tpwlean_UATheorem\\tpwlean\\.lake\\packages\\Qq\\.lake\\build\\lib\\lean;C:\\Users\\isaac\\VSC_Projects\\tpwlean_UATheorem\\tpwlean\\.lake\\packages\\aesop\\.lake\\build\\lib\\lean;C:\\Users\\isaac\\VSC_Projects\\tpwlean_UATheorem\\tpwlean\\.lake\\packages\\proofwidgets\\.lake\\build\\lib\\lean;C:\\Users\\isaac\\VSC_Projects\\tpwlean_UATheorem\\tpwlean\\.lake\\packages\\importGraph\\.lake\\build\\lib\\lean;C:\\Users\\isaac\\VSC_Projects\\tpwlean_UATheorem\\tpwlean\\.lake\\packages\\LeanSearchClient\\.lake\\build\\lib\\lean;C:\\Users\\isaac\\VSC_Projects\\tpwlean_UATheorem\\tpwlean\\.lake\\packages\\plausible\\.lake\\build\\lib\\lean;C:\\Users\\isaac\\VSC_Projects\\tpwlean_UATheorem\\tpwlean\\.lake\\packages\\mathlib\\.lake\\build\\lib\\lean;C:\\Users\\isaac\\VSC_Projects\\tpwlean_UATheorem\\tpwlean\\.lake\\build\\lib\\lean c:\\Users\\isaac\\.elan\\toolchains\\leanprover--lean4---v4.25.0-rc2\\bin\\lean.exe C:\\Users\\isaac\\VSC_Projects\\tpwlean_UATheorem\\tpwlean\\UAT.lean -o C:\\Users\\isaac\\VSC_Projects\\tpwlean_UATheorem\\tpwlean\\.lake\\build\\lib\\lean\\UAT.olean -i C:\\Users\\isaac\\VSC_Projects\\tpwlean_UATheorem\\tpwlean\\.lake\\build\\lib\\lean\\UAT.ilean -c C:\\Users\\isaac\\VSC_Projects\\tpwlean_UATheorem\\tpwlean\\.lake\\build\\ir\\UAT.c --setup C:\\Users\\isaac\\VSC_Projects\\tpwlean_UATheorem\\tpwlean\\.lake\\build\\ir\\UAT.setup.json --json",
   "level": "trace"},
  {"message": "UAT.lean:288:6: declaration uses 'sorry'", "level": "warning"},
  {"message": "UAT.lean:291:6: declaration uses 'sorry'", "level": "warning"},
  {"message":
   "UAT.lean:307:0: automatically included section variable(s) unused in theorem `lift_H_sigma_to_F_sigma`:\n  [CompactSpace ↑Ω]\n  [CompactSpace ↑T]\nconsider restructuring your `variable` declarations so that the variables are not in scope or explicitly omit them:\n  omit [CompactSpace ↑Ω] [CompactSpace ↑T] in theorem ...\n\nNote: This linter can be disabled with `set_option linter.unusedSectionVars false`",
   "level": "warning"}],
 "inputs":
 [["UAT:deps",
   [["deps",
     [["tpwlean/Tpwlean:extraDep", [["@tpwlean:extraDep", "00000000000006bb"]]],
      ["imports",
       [["SWT transitive imports (legacy)", "660b41bbc018f89c"],
        ["SWT:importAllArts", "7fc4ccdfa5282d30"]]]]],
    ["libs",
     [["import dynlibs", "00000000000006bb"],
      ["package external libraries", "00000000000006bb"],
      ["module dynlibs", "00000000000006bb"],
      ["module plugins", "00000000000006bb"]]]]],
  ["Lean 4.25.0, commit 744f98064b056ee27fc8c97f524797c8cc96f436",
   "4bbac11c6209e48b"],
  ["C:\\Users\\isaac\\VSC_Projects\\tpwlean_UATheorem\\tpwlean\\UAT.lean",
   "1a573f98b59db0b9"],
  ["options", "00000000000006bb"],
  ["Module.leanArgs: #[]", "00000000000006bb"]],
 "depHash": "5261d70641238642"}